[Bootstrap]
SetupTitle=Install
SetupText=Copying Files, please stand by.
CabFile=POB.CAB
Spawn=Setup1.exe
Uninstal=st6unst.exe
TmpDir=msftqws.pdw
Cabs=1

[Bootstrap Files]
File1=@VB6STKIT.DLL,$(WinSysPathSysFile),,,7/15/00 12:00:00 AM,101888,6.0.84.50
File2=@COMCAT.DLL,$(WinSysPathSysFile),$(DLLSelfRegister),,5/31/98 8:00:00 AM,22288,4.71.1460.1
File3=@asycfilt.dll,$(WinSysPathSysFile),,,8/4/04 8:56:42 AM,65024,5.1.2600.2180
File4=@olepro32.dll,$(WinSysPathSysFile),$(DLLSelfRegister),,8/4/04 8:56:46 AM,83456,5.1.2600.2180
File5=@oleaut32.dll,$(WinSysPathSysFile),$(DLLSelfRegister),,8/4/04 8:56:46 AM,553472,5.1.2600.2180
File6=@stdole2.tlb,$(WinSysPathSysFile),$(TLBRegister),,8/23/01 1:00:00 PM,17920,3.50.5014.0
File7=@msvbvm60.dll,$(WinSysPathSysFile),$(DLLSelfRegister),,8/4/04 8:56:44 AM,1392671,6.0.96.90

[IconGroups]
Group0=POB
PrivateGroup0=True
Parent0=$(Programs)

[POB]
Icon1="POB.exe"
Title1=POB
StartIn1=$(AppPath)

[Setup]
Title=POB
DefaultDir=$(ProgramFiles)\TimeSheet
AppExe=POB.exe
AppToUninstall=POB.exe

[Setup1 Files]
File1=@agentctl.dll,$(WinSysPath),$(DLLSelfRegister),$(Shared),8/4/04 8:56:42 AM,214016,2.0.0.3422
File2=@MSWINSCK.OCX,$(WinSysPath),$(DLLSelfRegister),$(Shared),6/24/98 12:00:00 AM,108336,6.0.81.69
File3=@mschrt20.ocx,$(WinSysPath),$(DLLSelfRegister),$(Shared),4/7/03 8:00:00 PM,1009336,6.0.88.4
File4=@MSINET.OCX,$(WinSysPath),$(DLLSelfRegister),$(Shared),6/24/98 12:00:00 AM,115016,6.0.81.69
File5=@COMCT332.OCX,$(WinSysPath),$(DLLSelfRegister),$(Shared),6/24/98 12:00:00 AM,369696,6.0.0.8169
File6=@MSCOMM32.OCX,$(WinSysPath),$(DLLSelfRegister),$(Shared),6/24/98 12:00:00 AM,103744,6.0.81.69
File7=@MSCOMCT2.OCX,$(WinSysPath),$(DLLSelfRegister),$(Shared),6/25/98 4:00:00 PM,644400,6.0.81.77
File8=@COMCT232.OCX,$(WinSysPath),$(DLLSelfRegister),$(Shared),6/24/98 12:00:00 AM,164144,6.0.80.22
File9=@tabctl32.ocx,$(WinSysPath),$(DLLSelfRegister),$(Shared),5/22/00 4:58:12 PM,209608,6.0.88.4
File10=@MSFLXGRD.OCX,$(WinSysPath),$(DLLSelfRegister),$(Shared),6/23/98 4:00:00 PM,244024,6.0.81.69
File11=@COMCTL32.OCX,$(WinSysPath),$(DLLSelfRegister),$(Shared),6/24/98 12:00:00 AM,609584,6.0.80.22
File12=@comdlg32.ocx,$(WinSysPath),$(DLLSelfRegister),$(Shared),5/29/02 3:37:46 PM,140488,6.0.84.18
File13=@MSCOMCTL.OCX,$(WinSysPath),$(DLLSelfRegister),$(Shared),6/6/02 6:13:00 PM,1077344,6.1.95.45
File14=@EXCEL.EXE,$(AppPath),,$(Shared),2/16/01 1:05:38 AM,9164192,10.0.2614.0
File15=@CDOEX.DLL,$(WinSysPath),$(DLLSelfRegister),$(Shared),1/23/01 12:19:44 PM,3485968,6.0.4641.0
File16=@CDO.DLL,$(WinSysPath),,$(Shared),9/21/00 2:46:02 PM,810256,5.5.2654.6
File17=@odbcconf.dll,$(AppPath),,$(Shared),8/4/04 8:56:46 AM,135168,3.525.1117.0
File18=@msador15.dll,$(CommonFilesSys)\ADO,$(DLLSelfRegister),$(Shared),4/8/04 8:56:44 AM,57344,2.81.1117.0
File19=@msde.dll,$(WinSysPath),$(DLLSelfRegister),$(Shared),3/14/00 12:00:00 PM,508928,6.0.88.4
File20=@msstdfmt.dll,$(WinSysPath),$(DLLSelfRegister),$(Shared),3/4/00 8:05:58 PM,118784,6.0.88.4
File21=@MSBIND.DLL,$(WinSysPath),$(DLLSelfRegister),$(Shared),6/18/98 12:00:00 AM,77824,6.0.81.69
File22=@msadomd.dll,$(WinSysPath),$(DLLSelfRegister),$(Shared),8/29/02 5:00:00 AM,159744,2.71.9030.0
File23=@msscript.ocx,$(WinSysPath),$(DLLSelfRegister),$(Shared),8/4/04 7:01:18 AM,102400,1.0.0.8820
File24=@msado25.tlb,$(WinSysPath),,$(Shared),8/4/04 6:21:44 AM,81920,2.81.1117.0
File25=@msvcrt.dll,$(WinSysPathSysFile),,,8/4/04 8:56:44 AM,343040,7.0.2600.2180
File26=@scrrun.dll,$(WinSysPath),$(DLLSelfRegister),$(Shared),8/4/04 3:56:44 PM,151552,5.6.0.8820
File27=@POB.exe,$(AppPath),,$(Shared),6/15/06 11:19:07 AM,3125248,1.0.0.0

; The following lines may be deleted in order to obtain extra 
; space for customizing this file on a full installation diskette.
; 
; XXXXXXXXXXXXXXXXXXXXXXXXXXXXXXXXXXXXXXXXXXXXXXXXXXXXXXXXXXXX
; XXXXXXXXXXXXXXXXXXXXXXXXXXXXXXXXXXXXXXXXXXXXXXXXXXXXXXXXXXXX
; XXXXXXXXXXXXXXXXXXXXXXXXXXXXXXXXXXXXXXXXXXXXXXXXXXXXXXXXXXXX
; XXXXXXXXXXXXXXXXXXXXXXXXXXXXXXXXXXXXXXXXXXXXXXXXXXXXXXXXXXXX
; XXXXXXXXXXXXXXXXXXXXXXXXXXXXXXXXXXXXXXXXXXXXXXXXXXXXXXXXXXXX
; XXXXXXXXXXXXXXXXXXXXXXXXXXXXXXXXXXXXXXXXXXXXXXXXXXXXXXXXXXXX
; XXXXXXXXXXXXXXXXXXXXXXXXXXXXXXXXXXXXXXXXXXXXXXXXXXXXXXXXXXXX
; XXXXXXXXXXXXXXXXXXXXXXXXXXXXXXXXXXXXXXXXXXXXXXXXXXXXXXXXXXXX
; XXXXXXXXXXXXXXXXXXXXXXXXXXXXXXXXXXXXXXXXXXXXXXXXXXXXXXXXXXXX
; XXXXXXXXXXXXXXXXXXXXXXXXXXXXXXXXXXXXXXXXXXXXXXXXXXXXXXXXXXXX
; XXXXXXXXXXXXXXXXXXXXXXXXXXXXXXXXXXXXXXXXXXXXXXXXXXXXXXXXXXXX
; XXXXXXXXXXXXXXXXXXXXXXXXXXXXXXXXXXXXXXXXXXXXXXXXXXXXXXXXXXXX
; XXXXXXXXXXXXXXXXXXXXXXXXXXXXXXXXXXXXXXXXXXXXXXXXXXXXXXXXXXXX
; XXXXXXXXXXXXXXXXXXXXXXXXXXXXXXXXXXXXXXXXXXXXXXXXXXXXXXXXXXXX
; XXXXXXXXXXXXXXXXXXXXXXXXXXXXXXXXXXXXXXXXXXXXXXXXXXXXXXXXXXXX
; XXXXXXXXXXXXXXXXXXXXXXXXXXXXXXXXXXXXXXXXXXXXXXXXXXXXXXXXXXXX
; XXXXXXXXXXXXXXXXXXXXXXXXXXXXXXXXXXXXXXXXXXXXXXXXXXXXXXXXXXXX
; XXXXXXXXXXXXXXXXXXXXXXXXXXXXXXXXXXXXXXXXXXXXXXXXXXXXXXXXXXXX
; XXXXXXXXXXXXXXXXXXXXXXXXXXXXXXXXXXXXXXXXXXXXXXXXXXXXXXXXXXXX
; XXXXXXXXXXXXXXXXXXXXXXXXXXXXXXXXXXXXXXXXXXXXXXXXXXXXXXXXXXXX
; XXXXXXXXXXXXXXXXXXXXXXXXXXXXXXXXXXXXXXXXXXXXXXXXXXXXXXXXXXXX
; XXXXXXXXXXXXXXXXXXXXXXXXXXXXXXXXXXXXXXXXXXXXXXXXXXXXXXXXXXXX
; XXXXXXXXXXXXXXXXXXXXXXXXXXXXXXXXXXXXXXXXXXXXXXXXXXXXXXXXXXXX
; XXXXXXXXXXXXXXXXXXXXXXXXXXXXXXXXXXXXXXXXXXXXXXXXXXXXXXXXXXXX
; XXXXXXXXXXXXXXXXXXXXXXXXXXXXXXXXXXXXXXXXXXXXXXXXXXXXXXXXXXXX
; XXXXXXXXXXXXXXXXXXXXXXXXXXXXXXXXXXXXXXXXXXXXXXXXXXXXXXXXXXXX
; XXXXXXXXXXXXXXXXXXXXXXXXXXXXXXXXXXXXXXXXXXXXXXXXXXXXXXXXXXXX
; XXXXXXXXXXXXXXXXXXXXXXXXXXXXXXXXXXXXXXXXXXXXXXXXXXXXXXXXXXXX
; XXXXXXXXXXXXXXXXXXXXXXXXXXXXXXXXXXXXXXXXXXXXXXXXXXXXXXXXXXXX
; XXXXXXXXXXXXXXXXXXXXXXXXXXXXXXXXXXXXXXXXXXXXXXXXXXXXXXXXXXXX
; XXXXXXXXXXXXXXXXXXXXXXXXXXXXXXXXXXXXXXXXXXXXXXXXXXXXXXXXXXXX
; XXXXXXXXXXXXXXXXXXXXXXXXXXXXXXXXXXXXXXXXXXXXXXXXXXXXXXXXXXXX
; XXXXXXXXXXXXXXXXXXXXXXXXXXXXXXXXXXXXXXXXXXXXXXXXXXXXXXXXXXXX
; XXXXXXXXXXXXXXXXXXXXXXXXXXXXXXXXXXXXXXXXXXXXXXXXXXXXXXXXXXXX
; XXXXXXXXXXXXXXXXXXXXXXXXXXXXXXXXXXXXXXXXXXXXXXXXXXXXXXXXXXXX
